Testing require('./src/config/database')...
PASS: ./src/config/database
Testing require('./src/config/swagger')...
PASS: ./src/config/swagger
Testing require('./src/models/User')...
PASS: ./src/models/User
Testing require('./src/models/Course')...
PASS: ./src/models/Course
Testing require('./src/models/Log')...
PASS: ./src/models/Log
Testing require('./src/utils/logger')...
PASS: ./src/utils/logger
Testing require('./src/utils/jwt')...
PASS: ./src/utils/jwt
Testing require('./src/middlewares/auth')...
PASS: ./src/middlewares/auth
Testing require('./src/controllers/authController')...
PASS: ./src/controllers/authController
Testing require('./src/controllers/courseController')...
PASS: ./src/controllers/courseController
Testing require('./src/controllers/aiController')...
PASS: ./src/controllers/aiController
Testing require('./src/controllers/recommendationController')...
PASS: ./src/controllers/recommendationController
Testing require('./src/controllers/logController')...
PASS: ./src/controllers/logController
Testing require('./src/controllers/emailController')...
FAIL: ./src/controllers/emailController
Error: Cannot find module 'nodemailer'
Require stack:
- C:\Users\M_HP\OneDrive\Desktop\yogesh\backend\src\controllers\emailController.js
- C:\Users\M_HP\OneDrive\Desktop\yogesh\backend\test-imports.js
